
/home/runner/work/exp-3d-articulated-arm-iiith/exp-3d-articulated-arm-iiith/experiment/simulation/js/mech_arm.js
  26:3  warning  'palm_pos' is defined but never used  no-unused-vars

/home/runner/work/exp-3d-articulated-arm-iiith/exp-3d-articulated-arm-iiith/experiment/simulation/js/shapes.js
  24:15  warning  'geometry' is assigned a value but never used  no-unused-vars

/home/runner/work/exp-3d-articulated-arm-iiith/exp-3d-articulated-arm-iiith/experiment/simulation/main.js
    6:3  warning  'createCube' is defined but never used               no-unused-vars
    7:3  warning  'createDodecahedron' is defined but never used       no-unused-vars
    8:3  warning  'createOctahedron' is defined but never used         no-unused-vars
    9:3  warning  'createTetrahedron' is defined but never used        no-unused-vars
   13:7  warning  'moveButton' is assigned a value but never used      no-unused-vars
   14:7  warning  'modalbutton1' is assigned a value but never used    no-unused-vars
   15:7  warning  'modalbutton2' is assigned a value but never used    no-unused-vars
   23:5  warning  'cam_target' is assigned a value but never used      no-unused-vars
   24:5  warning  'modalAdd' is assigned a value but never used        no-unused-vars
   25:5  warning  'modalEdit' is assigned a value but never used       no-unused-vars
   26:5  warning  'initial_pos' is assigned a value but never used     no-unused-vars
   28:5  warning  'lock' is assigned a value but never used            no-unused-vars
   50:1  warning  'shoulder' is not defined                            no-undef
   54:1  warning  'elbow' is not defined                               no-undef
   58:1  warning  'wrist' is not defined                               no-undef
   73:3  warning  'shapes' is assigned a value but never used          no-unused-vars
   77:3  warning  'dragX' is assigned a value but never used           no-unused-vars
   78:3  warning  'dragY' is assigned a value but never used           no-unused-vars
   79:3  warning  'dragZ' is assigned a value but never used           no-unused-vars
   80:3  warning  'dir' is assigned a value but never used             no-unused-vars
   81:3  warning  'arrowHelper' is assigned a value but never used     no-unused-vars
   96:5  warning  'spanAddModal' is assigned a value but never used    no-unused-vars
  188:5  warning  'buttons' is assigned a value but never used         no-unused-vars
  217:5  warning  'raycaster' is assigned a value but never used       no-unused-vars
  218:5  warning  'raycaster1' is assigned a value but never used      no-unused-vars
  219:5  warning  'mouse' is assigned a value but never used           no-unused-vars
  220:5  warning  'plane' is assigned a value but never used           no-unused-vars
  221:5  warning  'pNormal' is assigned a value but never used         no-unused-vars
  223:5  warning  'planeIntersect' is assigned a value but never used  no-unused-vars
  224:5  warning  'pIntersect' is assigned a value but never used      no-unused-vars
  225:5  warning  'shift' is assigned a value but never used           no-unused-vars
  226:5  warning  'isDragging' is assigned a value but never used      no-unused-vars
  227:5  warning  'dragObject' is defined but never used               no-unused-vars
  228:5  warning  'point' is assigned a value but never used           no-unused-vars
  229:5  warning  'shapeVertex' is assigned a value but never used     no-unused-vars
  231:5  warning  'noOfShapes' is assigned a value but never used      no-unused-vars
  557:9  warning  'gridHelper' is assigned a value but never used      no-unused-vars
  558:9  warning  'count' is assigned a value but never used           no-unused-vars
  606:7  warning  'PointGeometry' is assigned a value but never used   no-unused-vars

✖ 41 problems (0 errors, 41 warnings)

